// Jest Snapshot v1, https://goo.gl/fbAQLP

exports[`should build a minimal FHIR registration document without error 1`] = `
Object {
  "entry": Array [
    Object {
      "fullUrl": "urn:uuid:12f07de6-9fdf-4d5a-b27a-da16aa8d9497",
      "resource": Object {
        "author": Array [],
        "class": Object {
          "coding": Array [
            Object {
              "code": "crvs-document",
              "system": "http://opencrvs.org/doc-classes",
            },
          ],
          "text": "CRVS Document",
        },
        "date": "2018-10-31T09:45:05+10:00",
        "id": "8f18a6ea-89d1-4b03-80b3-57509a7eebcedsd",
        "identifier": Object {
          "system": "urn:ietf:rfc:3986",
          "value": "12f07de6-9fdf-4d5a-b27a-da16aa8d9497",
        },
        "resourceType": "Composition",
        "section": Array [
          Object {
            "code": Object {
              "coding": Array [
                Object {
                  "code": "mother-details",
                  "system": "http://opencrvs.org/doc-sections",
                },
              ],
              "text": "Mother's details",
            },
            "entry": Array [
              Object {
                "reference": "urn:uuid:2d346d18-ef2d-48ee-b6e8-e96bc75055b2",
              },
            ],
            "title": "Mother's details",
          },
          Object {
            "code": Object {
              "coding": Array [
                Object {
                  "code": "father-details",
                  "system": "http://opencrvs.org/doc-sections",
                },
              ],
              "text": "Father's details",
            },
            "entry": Array [
              Object {
                "reference": "urn:uuid:927d5999-a9c1-48db-acb1-888d3e131883",
              },
            ],
            "title": "Father's details",
          },
          Object {
            "code": Object {
              "coding": Array [
                Object {
                  "code": "child-details",
                  "system": "http://opencrvs.org/doc-sections",
                },
              ],
              "text": "Child details",
            },
            "entry": Array [
              Object {
                "reference": "urn:uuid:205ea1a2-3d42-4f65-ba1d-62e544ead15c",
              },
            ],
            "title": "Child details",
          },
          Object {
            "code": Object {
              "coding": Array [
                Object {
                  "code": "informant-details",
                  "system": "http://opencrvs.org/doc-sections",
                },
              ],
              "text": "Informant's details",
            },
            "entry": Array [
              Object {
                "reference": "urn:uuid:9322b1b4-3888-4b1e-a563-10efc5a33e86",
              },
            ],
            "title": "Informant's details",
          },
          Object {
            "code": Object {
              "coding": Array [
                Object {
                  "code": "supporting-documents",
                  "system": "http://opencrvs.org/specs/sections",
                },
              ],
              "text": "Supporting Documents",
            },
            "entry": Array [
              Object {
                "reference": "urn:uuid:42560f67-8bb2-4b94-9f19-07ac5d5cc9dc",
              },
              Object {
                "reference": "urn:uuid:aa9973f3-6786-4e22-b6e8-0c0666cd4614",
              },
            ],
            "title": "Supporting Documents",
          },
          Object {
            "code": Object {
              "coding": Array [
                Object {
                  "code": "birth-encounter",
                  "system": "http://opencrvs.org/specs/sections",
                },
              ],
              "text": "Birth encounter",
            },
            "entry": Array [
              Object {
                "reference": "urn:uuid:e3a669b3-46f6-4068-9767-96836bc41281",
              },
            ],
            "title": "Birth encounter",
          },
        ],
        "status": "preliminary",
        "subject": Object {},
        "title": "Birth Declaration",
        "type": Object {
          "coding": Array [
            Object {
              "code": "birth-declaration",
              "system": "http://opencrvs.org/doc-types",
            },
          ],
          "text": "Birth Declaration",
        },
      },
    },
    Object {
      "fullUrl": "urn:uuid:2d346d18-ef2d-48ee-b6e8-e96bc75055b2",
      "resource": Object {
        "active": true,
        "birthDate": "2000-01-28",
        "extension": Array [
          Object {
            "url": "http://opencrvs.org/specs/extension/date-of-marriage",
            "valueDateTime": "2014-01-28",
          },
          Object {
            "extension": Array [
              Object {
                "url": "code",
                "valueCodeableConcept": Object {
                  "coding": Array [
                    Object {
                      "code": "BGD",
                      "system": "urn:iso:std:iso:3166",
                    },
                  ],
                },
              },
              Object {
                "url": "period",
                "valuePeriod": Object {
                  "end": "",
                  "start": "",
                },
              },
            ],
            "url": "http://hl7.org/fhir/StructureDefinition/patient-nationality",
          },
          Object {
            "url": "http://opencrvs.org/specs/extension/educational-attainment",
            "valueString": "UPPER_SECONDARY_ISCED_3",
          },
          Object {
            "url": "http://opencrvs.org/specs/extension/patient-occupation",
            "valueString": "Mother Occupation",
          },
          Object {
            "url": "http://opencrvs.org/specs/extension/reason-not-applying",
            "valueString": "",
          },
        ],
        "gender": "female",
        "id": "8f18a6ea-89d1-4b03-80b3-57509a7eeb39",
        "identifier": Array [
          Object {
            "otherType": "Custom type",
            "type": Object {
              "coding": Array [
                Object {
                  "code": "OTHER",
                  "system": "http://opencrvs.org/specs/identifier-type",
                },
              ],
            },
            "value": "123456",
          },
        ],
        "maritalStatus": Object {
          "coding": Array [
            Object {
              "code": "M",
              "system": "http://hl7.org/fhir/StructureDefinition/marital-status",
            },
          ],
          "text": "MARRIED",
        },
        "multipleBirthInteger": 1,
        "name": Array [
          Object {
            "family": Array [
              "Doe",
            ],
            "given": Array [
              "Jane",
              "",
            ],
            "use": "en",
          },
        ],
        "resourceType": "Patient",
      },
    },
    Object {
      "fullUrl": "urn:uuid:927d5999-a9c1-48db-acb1-888d3e131883",
      "resource": Object {
        "active": true,
        "address": Array [
          Object {
            "city": "Cape Town",
            "country": "BGD",
            "district": "Kraaifontein",
            "line": Array [
              "2760 Mlosi Street",
              "Wallacedene",
            ],
            "postalCode": "7570",
            "state": "Western Cape",
            "type": "both",
            "use": "home",
          },
          Object {
            "city": "Cape Town",
            "country": "BGD",
            "district": "Kraaifontein",
            "line": Array [
              "40 Orbis Wharf",
              "Wallacedene",
            ],
            "postalCode": "7570",
            "state": "Western Cape",
            "text": "Optional address text",
            "type": "both",
            "use": "home",
          },
        ],
        "birthDate": "2000-09-28",
        "extension": Array [
          Object {
            "url": "http://opencrvs.org/specs/extension/date-of-marriage",
            "valueDateTime": "2014-01-28",
          },
          Object {
            "extension": Array [
              Object {
                "url": "code",
                "valueCodeableConcept": Object {
                  "coding": Array [
                    Object {
                      "code": "BGD",
                      "system": "urn:iso:std:iso:3166",
                    },
                  ],
                },
              },
              Object {
                "url": "period",
                "valuePeriod": Object {
                  "end": "",
                  "start": "",
                },
              },
            ],
            "url": "http://hl7.org/fhir/StructureDefinition/patient-nationality",
          },
          Object {
            "url": "http://opencrvs.org/specs/extension/educational-attainment",
            "valueString": "UPPER_SECONDARY_ISCED_3",
          },
          Object {
            "url": "http://opencrvs.org/specs/extension/patient-occupation",
            "valueString": "Father Occupation",
          },
          Object {
            "url": "http://opencrvs.org/specs/extension/reason-not-applying",
            "valueString": "",
          },
        ],
        "gender": "male",
        "id": "8f18a6ea-89d1-4b03-80b3-57509a7eeb40",
        "maritalStatus": Object {
          "coding": Array [
            Object {
              "code": "M",
              "system": "http://hl7.org/fhir/StructureDefinition/marital-status",
            },
          ],
          "text": "MARRIED",
        },
        "multipleBirthInteger": 2,
        "name": Array [],
        "photo": Array [
          Object {
            "contentType": "image/jpeg",
            "data": "123456",
          },
        ],
        "resourceType": "Patient",
        "telecom": Array [
          Object {
            "system": "phone",
            "use": "mobile",
            "value": "0171111111",
          },
        ],
      },
    },
    Object {
      "fullUrl": "urn:uuid:205ea1a2-3d42-4f65-ba1d-62e544ead15c",
      "resource": Object {
        "active": true,
        "birthDate": "2018-01-28",
        "extension": Array [
          Object {
            "url": "http://opencrvs.org/specs/extension/date-of-marriage",
            "valueDateTime": "",
          },
          Object {
            "extension": Array [
              Object {
                "url": "code",
                "valueCodeableConcept": Object {
                  "coding": Array [
                    Object {
                      "code": "BGD",
                      "system": "urn:iso:std:iso:3166",
                    },
                  ],
                },
              },
              Object {
                "url": "period",
                "valuePeriod": Object {
                  "end": "",
                  "start": "",
                },
              },
            ],
            "url": "http://hl7.org/fhir/StructureDefinition/patient-nationality",
          },
          Object {
            "url": "http://opencrvs.org/specs/extension/educational-attainment",
            "valueString": "NO_SCHOOLING",
          },
        ],
        "gender": "male",
        "id": "8f18a6ea-89d1-4b03-80b3-57509a7eeb41",
        "maritalStatus": Object {
          "coding": Array [
            Object {
              "code": "UNK",
              "system": "http://hl7.org/fhir/StructureDefinition/marital-status",
            },
          ],
          "text": "NOT_STATED",
        },
        "multipleBirthInteger": 3,
        "name": Array [],
        "resourceType": "Patient",
      },
    },
    Object {
      "fullUrl": "urn:uuid:1e9abc00-4209-41c9-8038-b27d62aca96b",
      "resource": Object {
        "businessStatus": Object {
          "coding": Array [],
        },
        "code": Object {
          "coding": Array [
            Object {
              "code": "BIRTH",
              "system": "http://opencrvs.org/specs/types",
            },
          ],
        },
        "extension": Array [
          Object {
            "url": "http://opencrvs.org/specs/extension/contact-person",
            "valueString": "MOTHER",
          },
          Object {
            "url": "http://opencrvs.org/specs/extension/contact-person-phone-number",
            "valueString": "01733333333",
          },
          Object {
            "url": "http://opencrvs.org/specs/extension/in-complete-fields",
            "valueString": "child/child-view-group/placeOfBirth,mother/mother-view-group/iDType,mother/mother-view-group/iD,mother/mother-view-group/familyName,mother/mother-view-group/familyNameEng",
          },
          Object {
            "url": "http://opencrvs.org/specs/extension/timeLoggedMS",
            "valueInteger": 1234,
          },
        ],
        "focus": Object {
          "reference": "urn:uuid:12f07de6-9fdf-4d5a-b27a-da16aa8d9497",
        },
        "id": "8f18a6ea-89d1-4b03-80b3-57509a7eebce",
        "identifier": Array [
          Object {
            "system": "http://opencrvs.org/specs/id/paper-form-id",
            "value": "12345678",
          },
          Object {
            "system": "http://opencrvs.org/specs/id/draft-id",
            "value": "8f18a6ea-89d1-4b03-80b3-57509a7eebce",
          },
          Object {
            "system": "http://opencrvs.org/specs/id/birth-tracking-id",
            "value": "B123456",
          },
          Object {
            "system": "http://opencrvs.org/specs/id/birth-registration-number",
            "value": "201923324512345671",
          },
        ],
        "lastModified": "2018-10-31T09:45:05+10:00",
        "note": Array [
          Object {
            "text": "This is just a test data",
            "time": "2018-10-31T09:40:05+10:00",
          },
        ],
        "resourceType": "Task",
        "status": "draft",
      },
    },
    Object {
      "fullUrl": "urn:uuid:9322b1b4-3888-4b1e-a563-10efc5a33e86",
      "resource": Object {
        "patient": Object {
          "reference": "urn:uuid:2d346d18-ef2d-48ee-b6e8-e96bc75055b2",
        },
        "relationship": Object {
          "coding": Array [
            Object {
              "code": "MOTHER",
              "system": "http://hl7.org/fhir/ValueSet/relatedperson-relationshiptype",
            },
          ],
        },
        "resourceType": "RelatedPerson",
      },
    },
    Object {
      "fullUrl": "urn:uuid:42560f67-8bb2-4b94-9f19-07ac5d5cc9dc",
      "resource": Object {
        "content": Array [
          Object {
            "attachment": Object {
              "contentType": "image/jpeg",
              "data": "SampleData",
            },
          },
        ],
        "created": "2018-10-21",
        "docStatus": "validated",
        "extension": Array [],
        "id": "8f18a6ea-89d1-4b03-80b3-57509a7eebce11",
        "identifier": Array [
          Object {
            "system": "http://opencrvs.org/specs/id/original-file-name",
            "value": "original.jpg",
          },
          Object {
            "system": "http://opencrvs.org/specs/id/system-file-name",
            "value": "system.jpg",
          },
        ],
        "indexed": "2018-10-21",
        "masterIdentifier": Object {
          "system": "urn:ietf:rfc:3986",
          "value": "42560f67-8bb2-4b94-9f19-07ac5d5cc9dc",
        },
        "resourceType": "DocumentReference",
        "status": "current",
        "type": Object {
          "coding": Array [
            Object {
              "code": "NATIONAL_ID",
              "system": "http://opencrvs.org/specs/supporting-doc-type",
            },
          ],
        },
      },
    },
    Object {
      "fullUrl": "urn:uuid:aa9973f3-6786-4e22-b6e8-0c0666cd4614",
      "resource": Object {
        "content": Array [
          Object {
            "attachment": Object {
              "contentType": "image/png",
              "data": "ExampleData",
            },
          },
        ],
        "created": "2018-10-22",
        "docStatus": "validated",
        "extension": Array [],
        "id": "8f18a6ea-89d1-4b03-80b3-57509a7eebce22",
        "identifier": Array [
          Object {
            "system": "http://opencrvs.org/specs/id/original-file-name",
            "value": "original.png",
          },
          Object {
            "system": "http://opencrvs.org/specs/id/system-file-name",
            "value": "system.png",
          },
        ],
        "indexed": "2018-10-22",
        "masterIdentifier": Object {
          "system": "urn:ietf:rfc:3986",
          "value": "aa9973f3-6786-4e22-b6e8-0c0666cd4614",
        },
        "resourceType": "DocumentReference",
        "status": "current",
        "subject": Object {
          "display": "MOTHER",
        },
        "type": Object {
          "coding": Array [
            Object {
              "code": "PASSPORT",
              "system": "http://opencrvs.org/specs/supporting-doc-type",
            },
          ],
        },
      },
    },
    Object {
      "fullUrl": "urn:uuid:e3a669b3-46f6-4068-9767-96836bc41281",
      "resource": Object {
        "id": "8f18a6ea-89d1-4b03-80b3-57509a7eebce-dsakelske",
        "location": Array [
          Object {
            "location": Object {
              "reference": "urn:uuid:5e5f0b85-d72e-4a98-81f7-c283c35052fa",
            },
          },
        ],
        "resourceType": "Encounter",
        "status": "finished",
      },
    },
    Object {
      "fullUrl": "urn:uuid:5e5f0b85-d72e-4a98-81f7-c283c35052fa",
      "resource": Object {
        "address": Object {
          "country": "789",
          "district": "131415",
          "line": Array [
            "addressLine1",
            "addressLine1UrbanOption",
            "addressLine2",
            "123",
            "456",
            "789",
          ],
          "postalCode": "sw11",
          "state": "101112",
        },
        "mode": "instance",
        "partOf": Object {
          "reference": "Location/456",
        },
        "resourceType": "Location",
        "type": Object {
          "coding": Array [
            Object {
              "code": "PRIVATE_HOME",
              "system": "http://opencrvs.org/specs/location-type",
            },
          ],
        },
      },
    },
    Object {
      "fullUrl": "urn:uuid:599c5c8a-ab5a-4b92-a507-dc9202262f4f",
      "resource": Object {
        "category": Array [
          Object {
            "coding": Array [
              Object {
                "code": "procedure",
                "display": "Procedure",
                "system": "http://hl7.org/fhir/observation-category",
              },
            ],
          },
        ],
        "code": Object {
          "coding": Array [
            Object {
              "code": "57722-1",
              "display": "Birth plurality of Pregnancy",
              "system": "http://loinc.org",
            },
          ],
        },
        "context": Object {
          "reference": "urn:uuid:e3a669b3-46f6-4068-9767-96836bc41281",
        },
        "extension": Array [],
        "id": "8f18a6ea-89d1-4b03-80b3-57509a7eebce-dh3283",
        "resourceType": "Observation",
        "status": "final",
        "valueQuantity": Object {
          "value": "SINGLE",
        },
      },
    },
    Object {
      "fullUrl": "urn:uuid:b1bf3742-ba63-4baa-b236-6dd22b37d803",
      "resource": Object {
        "category": Array [
          Object {
            "coding": Array [
              Object {
                "code": "vital-signs",
                "display": "Vital Signs",
                "system": "http://hl7.org/fhir/observation-category",
              },
            ],
          },
        ],
        "code": Object {
          "coding": Array [
            Object {
              "code": "3141-9",
              "display": "Body weight Measured",
              "system": "http://loinc.org",
            },
          ],
        },
        "context": Object {
          "reference": "urn:uuid:e3a669b3-46f6-4068-9767-96836bc41281",
        },
        "extension": Array [],
        "id": "8f18a6ea-89d1-4b03-80b3-57509a7eebce-dh3293",
        "resourceType": "Observation",
        "status": "final",
        "valueQuantity": Object {
          "code": "kg",
          "system": "http://unitsofmeasure.org",
          "unit": "kg",
          "value": 3,
        },
      },
    },
    Object {
      "fullUrl": "urn:uuid:a5dab381-b8c1-4441-8a92-f70f00d26103",
      "resource": Object {
        "category": Array [
          Object {
            "coding": Array [
              Object {
                "code": "procedure",
                "display": "Procedure",
                "system": "http://hl7.org/fhir/observation-category",
              },
            ],
          },
        ],
        "code": Object {
          "coding": Array [
            Object {
              "code": "73764-3",
              "display": "Birth attendant title",
              "system": "http://loinc.org",
            },
          ],
        },
        "context": Object {
          "reference": "urn:uuid:e3a669b3-46f6-4068-9767-96836bc41281",
        },
        "extension": Array [],
        "id": "8f18a6ea-89d1-4b03-80b3-57509a7eebce-dh3203",
        "resourceType": "Observation",
        "status": "final",
        "valueString": "NURSE",
      },
    },
    Object {
      "fullUrl": "urn:uuid:7a5a48ff-a5d5-41e7-96ba-52e7ff9e2fad",
      "resource": Object {
        "category": Array [
          Object {
            "coding": Array [
              Object {
                "code": "vital-signs",
                "display": "Vital Signs",
                "system": "http://hl7.org/fhir/observation-category",
              },
            ],
          },
        ],
        "code": Object {
          "coding": Array [
            Object {
              "code": "num-born-alive",
              "display": "Number born alive to mother",
              "system": "http://loinc.org",
            },
          ],
        },
        "context": Object {
          "reference": "urn:uuid:e3a669b3-46f6-4068-9767-96836bc41281",
        },
        "extension": Array [],
        "id": "8f18a6ea-89d1-4b03-80b3-57509a7eebce-dh3283kdsoe",
        "resourceType": "Observation",
        "status": "final",
        "valueQuantity": Object {
          "value": 2,
        },
      },
    },
    Object {
      "fullUrl": "urn:uuid:7cffe2a5-5f4b-4403-b713-0b7464582afe",
      "resource": Object {
        "category": Array [
          Object {
            "coding": Array [
              Object {
                "code": "vital-signs",
                "display": "Vital Signs",
                "system": "http://hl7.org/fhir/observation-category",
              },
            ],
          },
        ],
        "code": Object {
          "coding": Array [
            Object {
              "code": "num-foetal-death",
              "display": "Number foetal deaths to mother",
              "system": "http://loinc.org",
            },
          ],
        },
        "context": Object {
          "reference": "urn:uuid:e3a669b3-46f6-4068-9767-96836bc41281",
        },
        "extension": Array [],
        "id": "8f18a6ea-89d1-4b03-80b3-57509a7eebce-kdsa2324",
        "resourceType": "Observation",
        "status": "final",
        "valueQuantity": Object {
          "value": 0,
        },
      },
    },
    Object {
      "fullUrl": "urn:uuid:882a5700-2969-4c99-8b0f-6344b14ea922",
      "resource": Object {
        "category": Array [
          Object {
            "coding": Array [
              Object {
                "code": "vital-signs",
                "display": "Vital Signs",
                "system": "http://hl7.org/fhir/observation-category",
              },
            ],
          },
        ],
        "code": Object {
          "coding": Array [
            Object {
              "code": "68499-3",
              "display": "Date last live birth",
              "system": "http://loinc.org",
            },
          ],
        },
        "context": Object {
          "reference": "urn:uuid:e3a669b3-46f6-4068-9767-96836bc41281",
        },
        "extension": Array [],
        "id": "8f18a6ea-89d1-4b03-80b3-57509a7eebce-dsa23324lsdafk",
        "resourceType": "Observation",
        "status": "final",
        "valueDateTime": "2014-01-28",
      },
    },
  ],
  "meta": Object {
    "lastUpdated": "2018-10-31T09:45:05+10:00",
  },
  "resourceType": "Bundle",
  "type": "document",
}
`;
