// Jest Snapshot v1, https://goo.gl/fbAQLP

exports[`Route authorization Tests the health check for all service 1`] = `"{\\"dependencies\\":[{\\"name\\":\\"elasticSearch\\",\\"status\\":\\"error\\"},{\\"name\\":\\"minio\\",\\"status\\":\\"error\\"},{\\"name\\":\\"mongodb\\",\\"status\\":\\"error\\"},{\\"name\\":\\"influxdb\\",\\"status\\":\\"error\\"},{\\"name\\":\\"redis\\",\\"status\\":\\"error\\"},{\\"name\\":\\"kibana\\",\\"status\\":\\"error\\"},{\\"name\\":\\"openhim\\",\\"status\\":\\"error\\"},{\\"name\\":\\"hearth\\",\\"status\\":\\"error\\"}],\\"services\\":[{\\"name\\":\\"auth\\",\\"url\\":\\"http://localhost:4040/ping\\",\\"status\\":\\"error\\"},{\\"name\\":\\"user-mgnt\\",\\"url\\":\\"http://localhost:3030/ping\\",\\"status\\":\\"error\\"},{\\"name\\":\\"metrics\\",\\"url\\":\\"http://localhost:1050/ping\\",\\"status\\":\\"error\\"},{\\"name\\":\\"notification\\",\\"url\\":\\"http://localhost:2020/ping\\",\\"status\\":\\"error\\"},{\\"name\\":\\"countryconfig\\",\\"url\\":\\"http://localhost:3040/ping\\",\\"status\\":\\"error\\"},{\\"name\\":\\"search\\",\\"url\\":\\"http://localhost:9090/ping\\",\\"status\\":\\"error\\"},{\\"name\\":\\"workflow\\",\\"url\\":\\"http://localhost:5050/ping\\",\\"status\\":\\"error\\"},{\\"name\\":\\"documents\\",\\"url\\":\\"http://localhost:9050/ping\\",\\"status\\":\\"error\\"},{\\"name\\":\\"webhooks\\",\\"url\\":\\"http://localhost:2525/ping\\",\\"status\\":\\"error\\"},{\\"name\\":\\"applicationconfig\\",\\"url\\":\\"http://localhost:2021/ping\\",\\"status\\":\\"error\\"}]}"`;
