// Jest Snapshot v1, https://goo.gl/fbAQLP

exports[`Route authorization tests the health check 1`] = `"{\\"git_hash\\":\\"\\",\\"status\\":\\"ok\\",\\"dependencies\\":{\\"Minio\\":{\\"status\\":\\"ok\\"}}}"`;
